Archive member included to satisfy reference by file (symbol)

../drivers\libIotLibrary.a(hih8120.o)
                              humidityTemperatureReader.o (hih8120_initialise)
../drivers\libIotLibrary.a(lora_driver.o)
                              upLinkHandler.o (lora_driver_flushBuffers)
../drivers\libIotLibrary.a(lora_driver_utils.o)
                              ../drivers\libIotLibrary.a(lora_driver.o) (decode_port_no)
../drivers\libIotLibrary.a(mh_z19.o)
                              co2Reader.o (mh_z19_initialise)
../drivers\libIotLibrary.a(rc_servo.o)
                              servo.o (rc_servo_setPosition)
../drivers\libIotLibrary.a(serial.o)
                              ../drivers\libIotLibrary.a(lora_driver.o) (serial_create)
../drivers\libIotLibrary.a(stdio_driver.o)
                              main.o (stdio_initialise)
../drivers\libIotLibrary.a(status_leds.o)
                              main.o (status_leds_initialise)
../drivers\libIotLibrary.a(twi.o)
                              ../drivers\libIotLibrary.a(hih8120.o) (twiCreate)
../drivers\libIotLibrary.a(fifo.o)
                              ../drivers\libIotLibrary.a(serial.o) (fifo_init)
c:/program files (x86)/atmel/studio/7.0/toolchain/avr8/avr8-gnu-toolchain/bin/../lib/gcc/avr/5.4.0/../../../../avr/lib/avr6\libm.a(addsf3.o)
                              ../drivers\libIotLibrary.a(hih8120.o) (__subsf3)
c:/program files (x86)/atmel/studio/7.0/toolchain/avr8/avr8-gnu-toolchain/bin/../lib/gcc/avr/5.4.0/../../../../avr/lib/avr6\libm.a(addsf3x.o)
                              c:/program files (x86)/atmel/studio/7.0/toolchain/avr8/avr8-gnu-toolchain/bin/../lib/gcc/avr/5.4.0/../../../../avr/lib/avr6\libm.a(addsf3.o) (__addsf3x)
c:/program files (x86)/atmel/studio/7.0/toolchain/avr8/avr8-gnu-toolchain/bin/../lib/gcc/avr/5.4.0/../../../../avr/lib/avr6\libm.a(divsf3.o)
                              ../drivers\libIotLibrary.a(hih8120.o) (__divsf3)
c:/program files (x86)/atmel/studio/7.0/toolchain/avr8/avr8-gnu-toolchain/bin/../lib/gcc/avr/5.4.0/../../../../avr/lib/avr6\libm.a(divsf3x.o)
                              c:/program files (x86)/atmel/studio/7.0/toolchain/avr8/avr8-gnu-toolchain/bin/../lib/gcc/avr/5.4.0/../../../../avr/lib/avr6\libm.a(divsf3.o) (__divsf3x)
c:/program files (x86)/atmel/studio/7.0/toolchain/avr8/avr8-gnu-toolchain/bin/../lib/gcc/avr/5.4.0/../../../../avr/lib/avr6\libm.a(fixsfsi.o)
                              ../drivers\libIotLibrary.a(hih8120.o) (__fixsfsi)
c:/program files (x86)/atmel/studio/7.0/toolchain/avr8/avr8-gnu-toolchain/bin/../lib/gcc/avr/5.4.0/../../../../avr/lib/avr6\libm.a(fixunssfsi.o)
                              ../drivers\libIotLibrary.a(hih8120.o) (__fixunssfsi)
c:/program files (x86)/atmel/studio/7.0/toolchain/avr8/avr8-gnu-toolchain/bin/../lib/gcc/avr/5.4.0/../../../../avr/lib/avr6\libm.a(floatsisf.o)
                              ../drivers\libIotLibrary.a(hih8120.o) (__floatunsisf)
c:/program files (x86)/atmel/studio/7.0/toolchain/avr8/avr8-gnu-toolchain/bin/../lib/gcc/avr/5.4.0/../../../../avr/lib/avr6\libm.a(fp_inf.o)
                              c:/program files (x86)/atmel/studio/7.0/toolchain/avr8/avr8-gnu-toolchain/bin/../lib/gcc/avr/5.4.0/../../../../avr/lib/avr6\libm.a(addsf3x.o) (__fp_inf)
c:/program files (x86)/atmel/studio/7.0/toolchain/avr8/avr8-gnu-toolchain/bin/../lib/gcc/avr/5.4.0/../../../../avr/lib/avr6\libm.a(fp_nan.o)
                              c:/program files (x86)/atmel/studio/7.0/toolchain/avr8/avr8-gnu-toolchain/bin/../lib/gcc/avr/5.4.0/../../../../avr/lib/avr6\libm.a(addsf3x.o) (__fp_nan)
c:/program files (x86)/atmel/studio/7.0/toolchain/avr8/avr8-gnu-toolchain/bin/../lib/gcc/avr/5.4.0/../../../../avr/lib/avr6\libm.a(fp_pscA.o)
                              c:/program files (x86)/atmel/studio/7.0/toolchain/avr8/avr8-gnu-toolchain/bin/../lib/gcc/avr/5.4.0/../../../../avr/lib/avr6\libm.a(addsf3x.o) (__fp_pscA)
c:/program files (x86)/atmel/studio/7.0/toolchain/avr8/avr8-gnu-toolchain/bin/../lib/gcc/avr/5.4.0/../../../../avr/lib/avr6\libm.a(fp_pscB.o)
                              c:/program files (x86)/atmel/studio/7.0/toolchain/avr8/avr8-gnu-toolchain/bin/../lib/gcc/avr/5.4.0/../../../../avr/lib/avr6\libm.a(addsf3x.o) (__fp_pscB)
c:/program files (x86)/atmel/studio/7.0/toolchain/avr8/avr8-gnu-toolchain/bin/../lib/gcc/avr/5.4.0/../../../../avr/lib/avr6\libm.a(fp_round.o)
                              c:/program files (x86)/atmel/studio/7.0/toolchain/avr8/avr8-gnu-toolchain/bin/../lib/gcc/avr/5.4.0/../../../../avr/lib/avr6\libm.a(addsf3.o) (__fp_round)
c:/program files (x86)/atmel/studio/7.0/toolchain/avr8/avr8-gnu-toolchain/bin/../lib/gcc/avr/5.4.0/../../../../avr/lib/avr6\libm.a(fp_split3.o)
                              c:/program files (x86)/atmel/studio/7.0/toolchain/avr8/avr8-gnu-toolchain/bin/../lib/gcc/avr/5.4.0/../../../../avr/lib/avr6\libm.a(addsf3x.o) (__fp_split3)
[...]
Memory Configuration

Name             Origin             Length             Attributes
text             0x00000000         0x00040000         xr
data             0x00800200         0x00002000         rw !x
eeprom           0x00810000         0x00001000         rw !x
fuse             0x00820000         0x00000003         rw !x
lock             0x00830000         0x00000400         rw !x
signature        0x00840000         0x00000400         rw !x
user_signatures  0x00850000         0x00000400         rw !x
*default*        0x00000000         0xffffffff

Linker script and memory map

Address of section .data set to 0x800200
LOAD C:/Program Files (x86)/Atmel/Studio/7.0/Packs/atmel/ATmega_DFP/1.6.364/gcc/dev/atmega2560/avr6/crtatmega2560.o
LOAD co2Reader.o
LOAD conditions.o
LOAD controller.o
LOAD device.o
LOAD downLinkHandler.o
LOAD servo.o
LOAD upLinkHandler.o
LOAD FreeRTOS/FreeRTOSTraceDriver/FreeRTOSTraceDriver.o
LOAD FreeRTOS/src/croutine.o
LOAD FreeRTOS/src/event_groups.o
LOAD FreeRTOS/src/heap_4.o
LOAD FreeRTOS/src/list.o
LOAD FreeRTOS/src/port.o
LOAD FreeRTOS/src/queue.o
LOAD FreeRTOS/src/stream_buffer.o
LOAD FreeRTOS/src/tasks.o
LOAD FreeRTOS/src/timers.o
LOAD FreeRTOS/src/variantHooks.o
LOAD humidityTemperatureReader.o
LOAD LoRaWANHandler.o
LOAD main.o
START GROUP
LOAD c:/program files (x86)/atmel/studio/7.0/toolchain/avr8/avr8-gnu-toolchain/bin/../lib/gcc/avr/5.4.0/../../../../avr/lib/avr6\libm.a
LOAD ../drivers\libIotLibrary.a
END GROUP
START GROUP
LOAD c:/program files (x86)/atmel/studio/7.0/toolchain/avr8/avr8-gnu-toolchain/bin/../lib/gcc/avr/5.4.0/avr6\libgcc.a
LOAD c:/program files (x86)/atmel/studio/7.0/toolchain/avr8/avr8-gnu-toolchain/bin/../lib/gcc/avr/5.4.0/../../../../avr/lib/avr6\libm.a
LOAD c:/program files (x86)/atmel/studio/7.0/toolchain/avr8/avr8-gnu-toolchain/bin/../lib/gcc/avr/5.4.0/../../../../avr/lib/avr6\libc.a
LOAD C:/Program Files (x86)/Atmel/Studio/7.0/Packs/atmel/ATmega_DFP/1.6.364/gcc/dev/atmega2560/avr6\libatmega2560.a
END GROUP
                0x00000000                __TEXT_REGION_ORIGIN__ = DEFINED (__TEXT_REGION_ORIGIN__)?__TEXT_REGION_ORIGIN__:0x0
                [0x00800200]                __DATA_REGION_ORIGIN__ = DEFINED (__DATA_REGION_ORIGIN__)?__DATA_REGION_ORIGIN__:0x800200
                [0x00040000]                __TEXT_REGION_LENGTH__ = DEFINED (__TEXT_REGION_LENGTH__)?__TEXT_REGION_LENGTH__:0x100000
                [0x00002000]                __DATA_REGION_LENGTH__ = DEFINED (__DATA_REGION_LENGTH__)?__DATA_REGION_LENGTH__:0xfe00
                [0x00001000]                __EEPROM_REGION_LENGTH__ = DEFINED (__EEPROM_REGION_LENGTH__)?__EEPROM_REGION_LENGTH__:0x10000
                [0x00000003]                __FUSE_REGION_LENGTH__ = DEFINED (__FUSE_REGION_LENGTH__)?__FUSE_REGION_LENGTH__:0x400
                0x00000400                __LOCK_REGION_LENGTH__ = DEFINED (__LOCK_REGION_LENGTH__)?__LOCK_REGION_LENGTH__:0x400
                0x00000400                __SIGNATURE_REGION_LENGTH__ = DEFINED (__SIGNATURE_REGION_LENGTH__)?__SIGNATURE_REGION_LENGTH__:0x400
                0x00000400                __USER_SIGNATURE_REGION_LENGTH__ = DEFINED (__USER_SIGNATURE_REGION_LENGTH__)?__USER_SIGNATURE_REGION_LENGTH__:0x400

.hash
 *(.hash)

.dynsym
 *(.dynsym)

.dynstr
 *(.dynstr)

.gnu.version
 *(.gnu.version)

.gnu.version_d
 *(.gnu.version_d)

.gnu.version_r
 *(.gnu.version_r)

.rel.init
 *(.rel.init)

.rela.init
 *(.rela.init)

.rel.text
 *(.rel.text)
 *(.rel.text.*)
 *(.rel.gnu.linkonce.t*)

.rela.text
 *(.rela.text)
 *(.rela.text.*)
 *(.rela.gnu.linkonce.t*)

.rel.fini
 *(.rel.fini)

.rela.fini
 *(.rela.fini)

.rel.rodata
 *(.rel.rodata)
 *(.rel.rodata.*)
 *(.rel.gnu.linkonce.r*)

.rela.rodata
 *(.rela.rodata)
 *(.rela.rodata.*)
 *(.rela.gnu.linkonce.r*)

.rel.data
 *(.rel.data)
 *(.rel.data.*)
 *(.rel.gnu.linkonce.d*)

.rela.data
 *(.rela.data)
 *(.rela.data.*)
 *(.rela.gnu.linkonce.d*)

.rel.ctors
 *(.rel.ctors)

.rela.ctors
 *(.rela.ctors)

.rel.dtors
 *(.rel.dtors)

.rela.dtors
 *(.rela.dtors)

.rel.got
 *(.rel.got)

.rela.got
 *(.rela.got)

.rel.bss
 *(.rel.bss)

.rela.bss
 *(.rela.bss)

.rel.plt
 *(.rel.plt)

.rela.plt
 *(.rela.plt)

.text           0x00000000     0x6e8c
 *(.vectors)
 .vectors       0x00000000       0xe4 C:/Program Files (x86)/Atmel/Studio/7.0/Packs/atmel/ATmega_DFP/1.6.364/gcc/dev/atmega2560/avr6/crtatmega2560.o
                0x00000000                __vector_default
                0x00000000                __vectors
 *(.vectors)
 *(.progmem.gcc*)
 .progmem.gcc_sw_table.prvProcessReceivedCommands
                0x000000e4       0x14 FreeRTOS/src/timers.o
 .progmem.gcc_sw_table.__vector_39
                0x000000f8       0xa2 ../drivers\libIotLibrary.a(twi.o)
                0x0000019a                . = ALIGN (0x2)
                0x0000019a                __trampolines_start = .
 *(.trampolines)
 .trampolines   0x0000019a        0x0 linker stubs
 *(.trampolines*)
                0x0000019a                __trampolines_end = .
 *libprintf_flt.a:*(.progmem.data)
 *libc.a:*(.progmem.data)
 *(.progmem*)
                0x0000019a                . = ALIGN (0x2)
 *(.jumptables)
 *(.jumptables*)
 *(.lowtext)
 .lowtext       0x0000019a       0x16 FreeRTOS/src/tasks.o
 .lowtext       0x000001b0       0x1e FreeRTOS/src/timers.o
 *(.lowtext*)
                0x000001ce                __ctors_start = .
 *(.ctors)
                0x000001ce                __ctors_end = .
                0x000001ce                __dtors_start = .
 *(.dtors)
                0x000001ce                __dtors_end = .
 SORT(*)(.ctors)
 SORT(*)(.dtors)
 *(.init0)
 .init0         0x000001ce        0x0 C:/Program Files (x86)/Atmel/Studio/7.0/Packs/atmel/ATmega_DFP/1.6.364/gcc/dev/atmega2560/avr6/crtatmega2560.o
                0x000001ce                __init
 *(.init0)
 *(.init1)
 *(.init1)
 *(.init2)
 .init2         0x000001ce       0x10 C:/Program Files (x86)/Atmel/Studio/7.0/Packs/atmel/ATmega_DFP/1.6.364/gcc/dev/atmega2560/avr6/crtatmega2560.o
 *(.init2)
 *(.init3)
 *(.init3)
 *(.init4)
 .init4         0x000001de       0x1a c:/program files (x86)/atmel/studio/7.0/toolchain/avr8/avr8-gnu-toolchain/bin/../lib/gcc/avr/5.4.0/avr6\libgcc.a(_copy_data.o)
                0x000001de                __do_copy_data
 .init4         0x000001f8       0x10 c:/program files (x86)/atmel/studio/7.0/toolchain/avr8/avr8-gnu-toolchain/bin/../lib/gcc/avr/5.4.0/avr6\libgcc.a(_clear_bss.o)
                0x000001f8                __do_clear_bss
 *(.init4)
 *(.init5)
 *(.init5)
 *(.init6)
 *(.init6)
 *(.init7)
 *(.init7)
 *(.init8)
 *(.init8)
 *(.init9)
 .init9         0x00000208        0x8 C:/Program Files (x86)/Atmel/Studio/7.0/Packs/atmel/ATmega_DFP/1.6.364/gcc/dev/atmega2560/avr6/crtatmega2560.o
 *(.init9)
 *(.text)
 .text          0x00000210        0x2 C:/Program Files (x86)/Atmel/Studio/7.0/Packs/atmel/ATmega_DFP/1.6.364/gcc/dev/atmega2560/avr6/crtatmega2560.o
                0x00000210                __vector_38
                0x00000210                __vector_22
                0x00000210                __vector_28
                0x00000210                __vector_1
                0x00000210                __vector_32
                0x00000210                __vector_34
                0x00000210                __vector_24
                0x00000210                __vector_46
                0x00000210                __bad_interrupt
                0x00000210                __vector_6
                0x00000210                __vector_31
                0x00000210                __vector_35
                0x00000210                __vector_3
                0x00000210                __vector_23
                0x00000210                __vector_30
                0x00000210                __vector_45
                0x00000210                __vector_11
                0x00000210                __vector_13
                0x00000210                __vector_17
                0x00000210                __vector_19
                0x00000210                __vector_56
                0x00000210                __vector_7
                0x00000210                __vector_49
                0x00000210                __vector_41
                0x00000210                __vector_43
                0x00000210                __vector_27
                0x00000210                __vector_5
                0x00000210                __vector_33
                0x00000210                __vector_47
                0x00000210                __vector_4
                0x00000210                __vector_44
                0x00000210                __vector_9
                0x00000210                __vector_2
                0x00000210                __vector_21
                0x00000210                __vector_15
                0x00000210                __vector_29
                0x00000210                __vector_40
                0x00000210                __vector_8
                0x00000210                __vector_48
                0x00000210                __vector_14
                0x00000210                __vector_53
                0x00000210                __vector_10
                0x00000210                __vector_50
                0x00000210                __vector_16
                0x00000210                __vector_18
                0x00000210                __vector_20
                0x00000210                __vector_42
                0x00000212                . = ALIGN (0x2)
 *(.text.*)
 .text.co2Reader_create
                0x00000212       0xc4 co2Reader.o
                0x00000212                co2Reader_create
 .text.co2Reader_measure
                0x000002d6       0xa6 co2Reader.o
                0x000002d6                co2Reader_measure
 .text.co2Reader_execute_task
                0x0000037c        0x8 co2Reader.o
                0x0000037c                co2Reader_execute_task
 .text.co2reader_getCO2
                0x00000384        0x8 co2Reader.o
                0x00000384                co2reader_getCO2
 .text.conditions_initialisation
                0x0000038c       0x24 conditions.o
                0x0000038c                conditions_initialisation
 .text.conditions_set_co2
                0x000003b0       0x18 conditions.o
                0x000003b0                conditions_set_co2
 .text.conditions_set_humidity
                0x000003c8       0x14 conditions.o
                0x000003c8                conditions_set_humidity
 .text.conditions_set_temperature
                0x000003dc       0x18 conditions.o
                0x000003dc                conditions_set_temperature
 .text.conditions_get_co2
                0x000003f4        0x8 conditions.o
                0x000003f4                conditions_get_co2
 .text.get_conditions_payload
                0x000003fc       0x3a conditions.o
                0x000003fc                get_conditions_payload
 .text.get_conditions_simple_payload
                0x00000436       0x10 conditions.o
                0x00000436                get_conditions_simple_payload
 .text.controller_initialise
                0x00000446       0x34 controller.o
                0x00000446                controller_initialise
 .text.controller_getWorking
                0x0000047a       0x52 controller.o
                0x0000047a                controller_getWorking
 .text.controller_getVentilation
                0x000004cc       0x52 controller.o
                0x000004cc                controller_getVentilation
 .text.device_create
                0x0000051e       0xfa device.o
                0x0000051e                device_create
 .text.device_startMeasuring
                0x00000618      0x20e device.o
                0x00000618                device_startMeasuring
 .text.device_executeTask
                0x00000826        0x8 device.o
                0x00000826                device_executeTask
 .text.lora_downLinkHandler_task
                0x0000082e       0x4e downLinkHandler.o
                0x0000082e                lora_downLinkHandler_task
 .text.lora_downLinkHandler_initialize
                0x0000087c       0x26 downLinkHandler.o
                0x0000087c                lora_downLinkHandler_initialize
 .text.servo_initialise
                0x000008a2        0x6 servo.o
                0x000008a2                servo_initialise
 .text.servo_open_window
                0x000008a8        0xa servo.o
                0x000008a8                servo_open_window
 .text.servo_close_window
                0x000008b2        0xa servo.o
                0x000008b2                servo_close_window
 .text._lora_setup
                0x000008bc      0x1aa upLinkHandler.o
 .text.lora_upLinkHandler_task
                0x00000a66       0xa0 upLinkHandler.o
                0x00000a66                lora_upLinkHandler_task
 .text.lora_upLinkHandler_initialize
                0x00000b06       0x26 upLinkHandler.o
                0x00000b06                lora_upLinkHandler_initialize
 .text.prvTestWaitCondition
                0x00000b2c       0x42 FreeRTOS/src/event_groups.o
 .text.xEventGroupCreate
                0x00000b6e       0x26 FreeRTOS/src/event_groups.o
                0x00000b6e                xEventGroupCreate
 .text.xEventGroupWaitBits
                0x00000b94      0x140 FreeRTOS/src/event_groups.o
                0x00000b94                xEventGroupWaitBits
 .text.xEventGroupSetBits
                0x00000cd4      0x11c FreeRTOS/src/event_groups.o
                0x00000cd4                xEventGroupSetBits
 .text.prvHeapInit
                0x00000df0       0x52 FreeRTOS/src/heap_4.o
 .text.prvInsertBlockIntoFreeList
                0x00000e42       0x94 FreeRTOS/src/heap_4.o
 .text.pvPortMalloc
                0x00000ed6      0x152 FreeRTOS/src/heap_4.o
                0x00000ed6                pvPortMalloc
 .text.vPortFree
                0x00001028       0x7a FreeRTOS/src/heap_4.o
                0x00001028                vPortFree
 .text.vListInitialise
                0x000010a2       0x22 FreeRTOS/src/list.o
                0x000010a2                vListInitialise
 .text.vListInitialiseItem
                0x000010c4        0x8 FreeRTOS/src/list.o
                0x000010c4                vListInitialiseItem
 .text.vListInsert
                0x000010cc       0x7a FreeRTOS/src/list.o
                0x000010cc                vListInsert
 .text.uxListRemove
                0x00001146       0x4e FreeRTOS/src/list.o
                0x00001146                uxListRemove
 .text.prvSetupTimerInterrupt
                0x00001194       0x18 FreeRTOS/src/port.o
 .text.pxPortInitialiseStack
                0x000011ac       0x2e FreeRTOS/src/port.o
                0x000011ac                pxPortInitialiseStack
 .text.xPortStartScheduler
                0x000011da       0x64 FreeRTOS/src/port.o
                0x000011da                xPortStartScheduler
 .text.vPortYield
                0x0000123e       0xc2 FreeRTOS/src/port.o
                0x0000123e                vPortYield
 .text.vPortYieldFromTick
                0x00001300       0xca FreeRTOS/src/port.o
                0x00001300                vPortYieldFromTick
 .text.__vector_12
                0x000013ca        0x4 FreeRTOS/src/port.o
                0x000013ca                __vector_12
 .text.prvGetDisinheritPriorityAfterTimeout
                0x000013ce       0x20 FreeRTOS/src/queue.o
 .text.prvIsQueueEmpty
                0x000013ee       0x1a FreeRTOS/src/queue.o
 .text.prvIsQueueFull
                0x00001408       0x1c FreeRTOS/src/queue.o
 .text.prvCopyDataToQueue
                0x00001424       0xbe FreeRTOS/src/queue.o
 .text.prvCopyDataFromQueue
                0x000014e2       0x34 FreeRTOS/src/queue.o
 .text.prvUnlockQueue
                0x00001516       0x68 FreeRTOS/src/queue.o
 .text.xQueueGenericReset
                0x0000157e       0x86 FreeRTOS/src/queue.o
                0x0000157e                xQueueGenericReset
 .text.prvInitialiseNewQueue
                0x00001604       0x24 FreeRTOS/src/queue.o
 .text.xQueueGenericCreate
                0x00001628       0x46 FreeRTOS/src/queue.o
                0x00001628                xQueueGenericCreate
 .text.xQueueGenericSend
                0x0000166e      0x124 FreeRTOS/src/queue.o
                0x0000166e                xQueueGenericSend
 .text.prvInitialiseMutex
                0x00001792       0x24 FreeRTOS/src/queue.o
 .text.xQueueCreateMutex
                0x000017b6       0x18 FreeRTOS/src/queue.o
                0x000017b6                xQueueCreateMutex
 .text.xQueueGenericSendFromISR
                0x000017ce       0x76 FreeRTOS/src/queue.o
                0x000017ce                xQueueGenericSendFromISR
 .text.xQueueReceive
                0x00001844      0x11e FreeRTOS/src/queue.o
                0x00001844                xQueueReceive
 .text.xQueueSemaphoreTake
                0x00001962      0x162 FreeRTOS/src/queue.o
                0x00001962                xQueueSemaphoreTake
 .text.vQueueWaitForMessageRestricted
                0x00001ac4       0x38 FreeRTOS/src/queue.o
                0x00001ac4                vQueueWaitForMessageRestricted
 .text.prvBytesInBuffer
                0x00001afc       0x26 FreeRTOS/src/stream_buffer.o
 .text.prvInitialiseNewStreamBuffer
                0x00001b22       0x20 FreeRTOS/src/stream_buffer.o
 .text.prvWriteBytesToBuffer
                0x00001b42       0x92 FreeRTOS/src/stream_buffer.o
 .text.prvWriteMessageToBuffer
                0x00001bd4       0x86 FreeRTOS/src/stream_buffer.o
 .text.prvReadBytesFromBuffer
                0x00001c5a       0x9e FreeRTOS/src/stream_buffer.o
 .text.prvReadMessageFromBuffer
                0x00001cf8       0x8a FreeRTOS/src/stream_buffer.o
 .text.xStreamBufferGenericCreate
                0x00001d82       0x64 FreeRTOS/src/stream_buffer.o
                0x00001d82                xStreamBufferGenericCreate
 .text.xStreamBufferReset
                0x00001de6       0x3c FreeRTOS/src/stream_buffer.o
                0x00001de6                xStreamBufferReset
 .text.xStreamBufferSpacesAvailable
                0x00001e22       0x24 FreeRTOS/src/stream_buffer.o
                0x00001e22                xStreamBufferSpacesAvailable
 .text.xStreamBufferSend
                0x00001e46      0x18a FreeRTOS/src/stream_buffer.o
                0x00001e46                xStreamBufferSend
 .text.xStreamBufferSendFromISR
                0x00001fd0       0x88 FreeRTOS/src/stream_buffer.o
                0x00001fd0                xStreamBufferSendFromISR
 .text.xStreamBufferReceive
                0x00002058      0x106 FreeRTOS/src/stream_buffer.o
                0x00002058                xStreamBufferReceive
 .text.prvResetNextTaskUnblockTime
                0x0000215e       0x4e FreeRTOS/src/tasks.o
 .text.prvDeleteTCB
                0x000021ac       0x1a FreeRTOS/src/tasks.o
 .text.prvInitialiseNewTask
                0x000021c6       0xfc FreeRTOS/src/tasks.o
 .text.prvInitialiseTaskLists
                0x000022c2       0x60 FreeRTOS/src/tasks.o
 .text.prvAddNewTaskToReadyList
                0x00002322       0xde FreeRTOS/src/tasks.o
 .text.prvCheckTasksWaitingTermination
                0x00002400       0x4a FreeRTOS/src/tasks.o
 .text.prvAddCurrentTaskToDelayedList
                0x0000244a      0x144 FreeRTOS/src/tasks.o
 .text.xTaskCreate
                0x0000258e       0x98 FreeRTOS/src/tasks.o
                0x0000258e                xTaskCreate
 .text.vTaskStartScheduler
                0x00002626       0x70 FreeRTOS/src/tasks.o
                0x00002626                vTaskStartScheduler
 .text.vTaskSuspendAll
                0x00002696        0xc FreeRTOS/src/tasks.o
                0x00002696                vTaskSuspendAll
 .text.xTaskGetTickCount
                0x000026a2       0x1c FreeRTOS/src/tasks.o
                0x000026a2                xTaskGetTickCount
 .text.xTaskIncrementTick
                0x000026be      0x258 FreeRTOS/src/tasks.o
                0x000026be                xTaskIncrementTick
 .text.xTaskResumeAll
                0x00002916      0x1b8 FreeRTOS/src/tasks.o
                0x00002916                xTaskResumeAll
 .text.xTaskDelayUntil
                0x00002ace       0xca FreeRTOS/src/tasks.o
                0x00002ace                xTaskDelayUntil
 .text.vTaskDelay
                0x00002b98       0x36 FreeRTOS/src/tasks.o
                0x00002b98                vTaskDelay
 .text.vTaskSwitchContext
                0x00002bce       0xca FreeRTOS/src/tasks.o
                0x00002bce                vTaskSwitchContext
 .text.vTaskPlaceOnEventList
                0x00002c98       0x2e FreeRTOS/src/tasks.o
                0x00002c98                vTaskPlaceOnEventList
 .text.vTaskPlaceOnUnorderedEventList
                0x00002cc6       0x94 FreeRTOS/src/tasks.o
                0x00002cc6                vTaskPlaceOnUnorderedEventList
 .text.vTaskPlaceOnEventListRestricted
                0x00002d5a       0x84 FreeRTOS/src/tasks.o
                0x00002d5a                vTaskPlaceOnEventListRestricted
 .text.xTaskRemoveFromEventList
                0x00002dde      0x15e FreeRTOS/src/tasks.o
                0x00002dde                xTaskRemoveFromEventList
 .text.vTaskRemoveFromUnorderedEventList
                0x00002f3c      0x134 FreeRTOS/src/tasks.o
                0x00002f3c                vTaskRemoveFromUnorderedEventList
 .text.vTaskSetTimeOutState
                0x00003070       0x2c FreeRTOS/src/tasks.o
                0x00003070                vTaskSetTimeOutState
 .text.vTaskInternalSetTimeOutState
                0x0000309c       0x22 FreeRTOS/src/tasks.o
                0x0000309c                vTaskInternalSetTimeOutState
 .text.xTaskCheckForTimeOut
                0x000030be       0xcc FreeRTOS/src/tasks.o
                0x000030be                xTaskCheckForTimeOut
 .text.vTaskMissedYield
                0x0000318a        0x8 FreeRTOS/src/tasks.o
                0x0000318a                vTaskMissedYield
 .text.xTaskGetCurrentTaskHandle
                0x00003192        0xa FreeRTOS/src/tasks.o
                0x00003192                xTaskGetCurrentTaskHandle
 .text.xTaskGetSchedulerState
                0x0000319c       0x1c FreeRTOS/src/tasks.o
                0x0000319c                xTaskGetSchedulerState
 .text.xTaskPriorityInherit
                0x000031b8      0x10e FreeRTOS/src/tasks.o
                0x000031b8                xTaskPriorityInherit
 .text.xTaskPriorityDisinherit
                0x000032c6       0xb6 FreeRTOS/src/tasks.o
                0x000032c6                xTaskPriorityDisinherit
 .text.vTaskPriorityDisinheritAfterTimeout
                0x0000337c       0xce FreeRTOS/src/tasks.o
                0x0000337c                vTaskPriorityDisinheritAfterTimeout
 .text.uxTaskResetEventItemValue
                0x0000344a       0x54 FreeRTOS/src/tasks.o
                0x0000344a                uxTaskResetEventItemValue
 .text.pvTaskIncrementMutexHeldCount
                0x0000349e       0x24 FreeRTOS/src/tasks.o
                0x0000349e                pvTaskIncrementMutexHeldCount
 .text.xTaskGenericNotifyWait
                0x000034c2      0x150 FreeRTOS/src/tasks.o
                0x000034c2                xTaskGenericNotifyWait
 .text.xTaskGenericNotify
                0x00003612      0x1ee FreeRTOS/src/tasks.o
                0x00003612                xTaskGenericNotify
 .text.xTaskGenericNotifyFromISR
                0x00003800      0x244 FreeRTOS/src/tasks.o
                0x00003800                xTaskGenericNotifyFromISR
 .text.xTaskGenericNotifyStateClear
                0x00003a44       0x34 FreeRTOS/src/tasks.o
                0x00003a44                xTaskGenericNotifyStateClear
 .text.prvGetNextExpireTime
                0x00003a78       0x30 FreeRTOS/src/timers.o
 .text.prvInsertTimerInActiveList
                0x00003aa8       0x92 FreeRTOS/src/timers.o
 .text.prvCheckForValidListAndQueue
                0x00003b3a       0x52 FreeRTOS/src/timers.o
 .text.xTimerCreateTimerTask
                0x00003b8c       0x42 FreeRTOS/src/timers.o
                0x00003b8c                xTimerCreateTimerTask
 .text.xTimerGenericCommand
                0x00003bce       0xbc FreeRTOS/src/timers.o
                0x00003bce                xTimerGenericCommand
 .text.prvSwitchTimerLists
                0x00003c8a       0xd0 FreeRTOS/src/timers.o
 .text.prvSampleTimeNow
                0x00003d5a       0x5c FreeRTOS/src/timers.o
 .text.prvProcessExpiredTimer
                0x00003db6       0xac FreeRTOS/src/timers.o
 .text.prvProcessTimerOrBlockTask
                0x00003e62       0xae FreeRTOS/src/timers.o
 .text.prvProcessReceivedCommands
                0x00003f10      0x168 FreeRTOS/src/timers.o
 .text.vApplicationIdleHook
                0x00004078        0x2 FreeRTOS/src/variantHooks.o
                0x00004078                vApplicationIdleHook
 .text.prvSetMainLedOn
                0x0000407a        0xe FreeRTOS/src/variantHooks.o
                0x0000407a                prvSetMainLedOn
 .text.prvBlinkMainLed
                0x00004088        0x8 FreeRTOS/src/variantHooks.o
                0x00004088                prvBlinkMainLed
 .text.vApplicationMallocFailedHook
                0x00004090       0x18 FreeRTOS/src/variantHooks.o
                0x00004090                vApplicationMallocFailedHook
 .text.vApplicationStackOverflowHook
                0x000040a8       0x18 FreeRTOS/src/variantHooks.o
                0x000040a8                vApplicationStackOverflowHook
 .text.humTempReader_create
                0x000040c0       0xd2 humidityTemperatureReader.o
                0x000040c0                humTempReader_create
 .text.humTempReader_measure
                0x00004192       0xde humidityTemperatureReader.o
                0x00004192                humTempReader_measure
 .text.humTempReader_executeTask
                0x00004270        0x8 humidityTemperatureReader.o
                0x00004270                humTempReader_executeTask
 .text.humTempReader_getHumidity
                0x00004278        0x8 humidityTemperatureReader.o
                0x00004278                humTempReader_getHumidity
 .text.humTempReader_getTemperature
                0x00004280        0x8 humidityTemperatureReader.o
                0x00004280                humTempReader_getTemperature
 .text._lora_setup
                0x00004288      0x188 LoRaWANHandler.o
 .text.lora_handler_task
                0x00004410       0x9e LoRaWANHandler.o
                0x00004410                lora_handler_task
 .text.lora_handler_initialise
                0x000044ae       0x28 LoRaWANHandler.o
                0x000044ae                lora_handler_initialise
 .text.create_tasks_and_semaphores
                0x000044d6      0x144 main.o
                0x000044d6                create_tasks_and_semaphores
 .text.initialiseSystem
                0x0000461a       0x22 main.o
                0x0000461a                initialiseSystem
 .text.main     0x0000463c       0x12 main.o
                0x0000463c                main
 .text._hihTwiCallback
                0x0000464e       0x5a ../drivers\libIotLibrary.a(hih8120.o)
 .text.hih8120_initialise
                0x000046a8       0x30 ../drivers\libIotLibrary.a(hih8120.o)
                0x000046a8                hih8120_initialise
 .text.hih8120_isReady
                0x000046d8        0x6 ../drivers\libIotLibrary.a(hih8120.o)
                0x000046d8                hih8120_isReady
 .text.hih8120_wakeup
                0x000046de       0x2a ../drivers\libIotLibrary.a(hih8120.o)
                0x000046de                hih8120_wakeup
 .text.hih8120_measure
                0x00004708       0x22 ../drivers\libIotLibrary.a(hih8120.o)
                0x00004708                hih8120_measure
 .text.hih8120_getHumidity
                0x0000472a       0x2a ../drivers\libIotLibrary.a(hih8120.o)
                0x0000472a                hih8120_getHumidity
 .text.hih8120_getHumidityPercent_x10
                0x00004754       0x16 ../drivers\libIotLibrary.a(hih8120.o)
                0x00004754                hih8120_getHumidityPercent_x10
 .text.hih8120_getTemperature
                0x0000476a       0x36 ../drivers\libIotLibrary.a(hih8120.o)
                0x0000476a                hih8120_getTemperature
 .text.hih8120_getTemperature_x10
                0x000047a0       0x16 ../drivers\libIotLibrary.a(hih8120.o)
                0x000047a0                hih8120_getTemperature_x10
 .text._serialCallBack
                0x000047b6       0x8c ../drivers\libIotLibrary.a(lora_driver.o)
 .text._uploadMessage
                0x00004842       0xb4 ../drivers\libIotLibrary.a(lora_driver.o)
 .text._reply2ReturnCode
                0x000048f6       0xea ../drivers\libIotLibrary.a(lora_driver.o)
 .text._uploadMessageRc
                0x000049e0        0x6 ../drivers\libIotLibrary.a(lora_driver.o)
 .text.lora_driver_flushBuffers
                0x000049e6        0xe ../drivers\libIotLibrary.a(lora_driver.o)
                0x000049e6                lora_driver_flushBuffers
 .text.lora_driver_initialise
                0x000049f4       0x80 ../drivers\libIotLibrary.a(lora_driver.o)
                0x000049f4                lora_driver_initialise
 .text.lora_driver_resetRn2483
                0x00004a74       0x1c ../drivers\libIotLibrary.a(lora_driver.o)
                0x00004a74                lora_driver_resetRn2483
 .text.lora_driver_rn2483FactoryReset
                0x00004a90       0x24 ../drivers\libIotLibrary.a(lora_driver.o)
                0x00004a90                lora_driver_rn2483FactoryReset
 .text.lora_driver_getRn2483Hweui
                0x00004ab4       0x38 ../drivers\libIotLibrary.a(lora_driver.o)
                0x00004ab4                lora_driver_getRn2483Hweui
 .text.lora_driver_setDeviceIdentifier
                0x00004aec       0x22 ../drivers\libIotLibrary.a(lora_driver.o)
                0x00004aec                lora_driver_setDeviceIdentifier
 .text.lora_driver_setApplicationIdentifier
                0x00004b0e       0x22 ../drivers\libIotLibrary.a(lora_driver.o)
                0x00004b0e                lora_driver_setApplicationIdentifier
 .text.lora_driver_setApplicationKey
                0x00004b30       0x22 ../drivers\libIotLibrary.a(lora_driver.o)
                0x00004b30                lora_driver_setApplicationKey
 .text.lora_driver_saveMac
                0x00004b52        0xc ../drivers\libIotLibrary.a(lora_driver.o)
                0x00004b52                lora_driver_saveMac
 .text.lora_driver_join
                0x00004b5e       0x52 ../drivers\libIotLibrary.a(lora_driver.o)
                0x00004b5e                lora_driver_join
 .text.lora_driver_sendUploadMessage
                0x00004bb0      0x196 ../drivers\libIotLibrary.a(lora_driver.o)
                0x00004bb0                lora_driver_sendUploadMessage
 .text.lora_driver_setAdaptiveDataRate
                0x00004d46       0x16 ../drivers\libIotLibrary.a(lora_driver.o)
                0x00004d46                lora_driver_setAdaptiveDataRate
 .text.lora_driver_setReceiveDelay
                0x00004d5c       0x30 ../drivers\libIotLibrary.a(lora_driver.o)
                0x00004d5c                lora_driver_setReceiveDelay
 .text.lora_driver_configureToEu868
                0x00004d8c      0x1bc ../drivers\libIotLibrary.a(lora_driver.o)
                0x00004d8c                lora_driver_configureToEu868
 .text.lora_driver_setOtaaIdentity
                0x00004f48       0x42 ../drivers\libIotLibrary.a(lora_driver.o)
                0x00004f48                lora_driver_setOtaaIdentity
 .text.lora_driver_mapReturnCodeToText
                0x00004f8a       0x18 ../drivers\libIotLibrary.a(lora_driver.o)
                0x00004f8a                lora_driver_mapReturnCodeToText
 .text.decode_port_no
                0x00004fa2       0x58 ../drivers\libIotLibrary.a(lora_driver_utils.o)
                0x00004fa2                decode_port_no
 .text.decode_hexadecimal_string_bytes
                0x00004ffa       0x92 ../drivers\libIotLibrary.a(lora_driver_utils.o)
                0x00004ffa                decode_hexadecimal_string_bytes
 .text._serialCallBack
                0x0000508c       0xb6 ../drivers\libIotLibrary.a(mh_z19.o)
 .text.mh_z19_initialise
                0x00005142       0x4a ../drivers\libIotLibrary.a(mh_z19.o)
                0x00005142                mh_z19_initialise
 .text.mh_z19_takeMeassuring
                0x0000518c       0x5e ../drivers\libIotLibrary.a(mh_z19.o)
                0x0000518c                mh_z19_takeMeassuring
 .text.mh_z19_getCo2Ppm
                0x000051ea       0x22 ../drivers\libIotLibrary.a(mh_z19.o)
                0x000051ea                mh_z19_getCo2Ppm
 .text.rc_servo_setPosition
                0x0000520c       0x30 ../drivers\libIotLibrary.a(rc_servo.o)
                0x0000520c                rc_servo_setPosition
 .text.rc_servo_initialise
                0x0000523c       0x38 ../drivers\libIotLibrary.a(rc_servo.o)
                0x0000523c                rc_servo_initialise
 .text.serial_create
                0x00005274      0x144 ../drivers\libIotLibrary.a(serial.o)
                0x00005274                serial_create
 .text.serial_sendByte
                0x000053b8       0x56 ../drivers\libIotLibrary.a(serial.o)
                0x000053b8                serial_sendByte
 .text.serial_sendBytes
                0x0000540e       0xaa ../drivers\libIotLibrary.a(serial.o)
                0x0000540e                serial_sendBytes
 .text.serial_getByte
                0x000054b8       0x40 ../drivers\libIotLibrary.a(serial.o)
                0x000054b8                serial_getByte
 .text.__vector_25
                0x000054f8       0xa4 ../drivers\libIotLibrary.a(serial.o)
                0x000054f8                __vector_25
 .text.__vector_26
                0x0000559c       0x88 ../drivers\libIotLibrary.a(serial.o)
                0x0000559c                __vector_26
 .text.__vector_36
                0x00005624       0xa4 ../drivers\libIotLibrary.a(serial.o)
                0x00005624                __vector_36
 .text.__vector_37
                0x000056c8       0x88 ../drivers\libIotLibrary.a(serial.o)
                0x000056c8                __vector_37
 .text.__vector_51
                0x00005750       0xa4 ../drivers\libIotLibrary.a(serial.o)
                0x00005750                __vector_51
 .text.__vector_52
                0x000057f4       0x88 ../drivers\libIotLibrary.a(serial.o)
                0x000057f4                __vector_52
 .text.__vector_54
                0x0000587c       0xa4 ../drivers\libIotLibrary.a(serial.o)
                0x0000587c                __vector_54
 .text.__vector_55
                0x00005920       0x88 ../drivers\libIotLibrary.a(serial.o)
                0x00005920                __vector_55
 .text.usart_getchar
                0x000059a8       0x2a ../drivers\libIotLibrary.a(stdio_driver.o)
 .text.usart_putchar
                0x000059d2       0x12 ../drivers\libIotLibrary.a(stdio_driver.o)
 .text.stdio_initialise
                0x000059e4       0x52 ../drivers\libIotLibrary.a(stdio_driver.o)
                0x000059e4                stdio_initialise
 .text._turn_off
                0x00005a36       0x98 ../drivers\libIotLibrary.a(status_leds.o)
 .text._turn_on
                0x00005ace       0x98 ../drivers\libIotLibrary.a(status_leds.o)
 .text._hal_led_task
                0x00005b66       0x8c ../drivers\libIotLibrary.a(status_leds.o)
 .text.status_leds_initialise
                0x00005bf2       0x9c ../drivers\libIotLibrary.a(status_leds.o)
                0x00005bf2                status_leds_initialise
 .text.status_leds_slowBlink
                0x00005c8e       0x46 ../drivers\libIotLibrary.a(status_leds.o)
                0x00005c8e                status_leds_slowBlink
 .text.status_leds_fastBlink
                0x00005cd4       0x46 ../drivers\libIotLibrary.a(status_leds.o)
                0x00005cd4                status_leds_fastBlink
 .text.status_leds_ledOn
                0x00005d1a       0x1e ../drivers\libIotLibrary.a(status_leds.o)
                0x00005d1a                status_leds_ledOn
 .text.status_leds_ledOff
                0x00005d38       0x1e ../drivers\libIotLibrary.a(status_leds.o)
                0x00005d38                status_leds_ledOff
 .text.status_leds_longPuls
                0x00005d56       0x24 ../drivers\libIotLibrary.a(status_leds.o)
                0x00005d56                status_leds_longPuls
 .text.status_leds_shortPuls
                0x00005d7a       0x24 ../drivers\libIotLibrary.a(status_leds.o)
                0x00005d7a                status_leds_shortPuls
 .text._initTwiInterface
                0x00005d9e       0x22 ../drivers\libIotLibrary.a(twi.o)
 .text.twiCreate
                0x00005dc0       0x9a ../drivers\libIotLibrary.a(twi.o)
                0x00005dc0                twiCreate
 .text.twiIsBusy
                0x00005e5a        0x8 ../drivers\libIotLibrary.a(twi.o)
                0x00005e5a                twiIsBusy
 .text.twiTransmit
                0x00005e62       0x98 ../drivers\libIotLibrary.a(twi.o)
                0x00005e62                twiTransmit
 .text.twiReceive
                0x00005efa       0x66 ../drivers\libIotLibrary.a(twi.o)
                0x00005efa                twiReceive
 .text.__vector_39
                0x00005f60      0x17a ../drivers\libIotLibrary.a(twi.o)
                0x00005f60                __vector_39
 .text.fifo_init
                0x000060da       0x38 ../drivers\libIotLibrary.a(fifo.o)
                0x000060da                fifo_init
 .text.avr-libc.fplib
                0x00006112        0xa c:/program files (x86)/atmel/studio/7.0/toolchain/avr8/avr8-gnu-toolchain/bin/../lib/gcc/avr/5.4.0/../../../../avr/lib/avr6\libm.a(addsf3.o)
                0x00006112                __subsf3
                0x00006114                __addsf3
 .text.avr-libc.fplib
                0x0000611c       0xc0 c:/program files (x86)/atmel/studio/7.0/toolchain/avr8/avr8-gnu-toolchain/bin/../lib/gcc/avr/5.4.0/../../../../avr/lib/avr6\libm.a(addsf3x.o)
                0x00006136                __addsf3x
 .text.avr-libc.fplib
                0x000061dc        0x4 c:/program files (x86)/atmel/studio/7.0/toolchain/avr8/avr8-gnu-toolchain/bin/../lib/gcc/avr/5.4.0/../../../../avr/lib/avr6\libm.a(divsf3.o)
                0x000061dc                __divsf3
 .text.avr-libc.fplib
                0x000061e0       0xcc c:/program files (x86)/atmel/studio/7.0/toolchain/avr8/avr8-gnu-toolchain/bin/../lib/gcc/avr/5.4.0/../../../../avr/lib/avr6\libm.a(divsf3x.o)
                0x000061f6                __divsf3x
                0x000061fa                __divsf3_pse
 .text.avr-libc.fplib
                0x000062ac        0xa c:/program files (x86)/atmel/studio/7.0/toolchain/avr8/avr8-gnu-toolchain/bin/../lib/gcc/avr/5.4.0/../../../../avr/lib/avr6\libm.a(fixsfsi.o)
                0x000062ac                __fixsfsi
 .text.avr-libc.fplib
                0x000062b6       0x58 c:/program files (x86)/atmel/studio/7.0/toolchain/avr8/avr8-gnu-toolchain/bin/../lib/gcc/avr/5.4.0/../../../../avr/lib/avr6\libm.a(fixunssfsi.o)
                0x000062b6                __fixunssfsi
 .text.avr-libc.fplib
                0x0000630e       0x7a c:/program files (x86)/atmel/studio/7.0/toolchain/avr8/avr8-gnu-toolchain/bin/../lib/gcc/avr/5.4.0/../../../../avr/lib/avr6\libm.a(floatsisf.o)
                0x0000630e                __floatunsisf
                0x00006312                __floatsisf
 .text.avr-libc.fplib
                0x00006388        0xc c:/program files (x86)/atmel/studio/7.0/toolchain/avr8/avr8-gnu-toolchain/bin/../lib/gcc/avr/5.4.0/../../../../avr/lib/avr6\libm.a(fp_inf.o)
                0x00006388                __fp_inf
 .text.avr-libc.fplib
                0x00006394        0x6 c:/program files (x86)/atmel/studio/7.0/toolchain/avr8/avr8-gnu-toolchain/bin/../lib/gcc/avr/5.4.0/../../../../avr/lib/avr6\libm.a(fp_nan.o)
                0x00006394                __fp_nan
 .text.avr-libc.fplib
                0x0000639a        0xe c:/program files (x86)/atmel/studio/7.0/toolchain/avr8/avr8-gnu-toolchain/bin/../lib/gcc/avr/5.4.0/../../../../avr/lib/avr6\libm.a(fp_pscA.o)
                0x0000639a                __fp_pscA
 .text.avr-libc.fplib
                0x000063a8        0xe c:/program files (x86)/atmel/studio/7.0/toolchain/avr8/avr8-gnu-toolchain/bin/../lib/gcc/avr/5.4.0/../../../../avr/lib/avr6\libm.a(fp_pscB.o)
                0x000063a8                __fp_pscB
 .text.avr-libc.fplib
                0x000063b6       0x22 c:/program files (x86)/atmel/studio/7.0/toolchain/avr8/avr8-gnu-toolchain/bin/../lib/gcc/avr/5.4.0/../../../../avr/lib/avr6\libm.a(fp_round.o)
                0x000063b6                __fp_round
 .text.avr-libc.fplib
                0x000063d8       0x44 c:/program files (x86)/atmel/studio/7.0/toolchain/avr8/avr8-gnu-toolchain/bin/../lib/gcc/avr/5.4.0/../../../../avr/lib/avr6\libm.a(fp_split3.o)
                0x000063d8                __fp_split3
                0x000063e8                __fp_splitA
 .text.avr-libc.fplib
                0x0000641c        0xe c:/program files (x86)/atmel/studio/7.0/toolchain/avr8/avr8-gnu-toolchain/bin/../lib/gcc/avr/5.4.0/../../../../avr/lib/avr6\libm.a(fp_zero.o)
                0x0000641c                __fp_zero
                0x0000641e                __fp_szero
 .text.avr-libc.fplib
                0x0000642a        0x4 c:/program files (x86)/atmel/studio/7.0/toolchain/avr8/avr8-gnu-toolchain/bin/../lib/gcc/avr/5.4.0/../../../../avr/lib/avr6\libm.a(mulsf3.o)
                0x0000642a                __mulsf3
 .text.avr-libc.fplib
                0x0000642e       0xc2 c:/program files (x86)/atmel/studio/7.0/toolchain/avr8/avr8-gnu-toolchain/bin/../lib/gcc/avr/5.4.0/../../../../avr/lib/avr6\libm.a(mulsf3x.o)
                0x00006442                __mulsf3x
                0x00006446                __mulsf3_pse
 .text.libgcc.div
                0x000064f0       0x44 c:/program files (x86)/atmel/studio/7.0/toolchain/avr8/avr8-gnu-toolchain/bin/../lib/gcc/avr/5.4.0/avr6\libgcc.a(_udivmodsi4.o)
                0x000064f0                __udivmodsi4
 .text.libgcc   0x00006534       0x10 c:/program files (x86)/atmel/studio/7.0/toolchain/avr8/avr8-gnu-toolchain/bin/../lib/gcc/avr/5.4.0/avr6\libgcc.a(_tablejump2.o)
                0x00006534                __tablejump2__
 .text.avr-libc
                0x00006544      0x242 c:/program files (x86)/atmel/studio/7.0/toolchain/avr8/avr8-gnu-toolchain/bin/../lib/gcc/avr/5.4.0/../../../../avr/lib/avr6\libc.a(malloc.o)
                0x00006544                malloc
                0x00006674                free
 .text.avr-libc
                0x00006786        0x8 c:/program files (x86)/atmel/studio/7.0/toolchain/avr8/avr8-gnu-toolchain/bin/../lib/gcc/avr/5.4.0/../../../../avr/lib/avr6\libc.a(abort.o)
                0x00006786                abort
 .text.avr-libc
                0x0000678e       0x12 c:/program files (x86)/atmel/studio/7.0/toolchain/avr8/avr8-gnu-toolchain/bin/../lib/gcc/avr/5.4.0/../../../../avr/lib/avr6\libc.a(memcpy.o)
                0x0000678e                memcpy
 .text.avr-libc
                0x000067a0        0xe c:/program files (x86)/atmel/studio/7.0/toolchain/avr8/avr8-gnu-toolchain/bin/../lib/gcc/avr/5.4.0/../../../../avr/lib/avr6\libc.a(memset.o)
                0x000067a0                memset
 .text.avr-libc
                0x000067ae       0x4a c:/program files (x86)/atmel/studio/7.0/toolchain/avr8/avr8-gnu-toolchain/bin/../lib/gcc/avr/5.4.0/../../../../avr/lib/avr6\libc.a(strcasestr.o)
                0x000067ae                strcasestr
 .text.avr-libc
                0x000067f8       0x16 c:/program files (x86)/atmel/studio/7.0/toolchain/avr8/avr8-gnu-toolchain/bin/../lib/gcc/avr/5.4.0/../../../../avr/lib/avr6\libc.a(strcat.o)
                0x000067f8                strcat
 .text.avr-libc
                0x0000680e        0xe c:/program files (x86)/atmel/studio/7.0/toolchain/avr8/avr8-gnu-toolchain/bin/../lib/gcc/avr/5.4.0/../../../../avr/lib/avr6\libc.a(strcpy.o)
                0x0000680e                strcpy
 .text.avr-libc
                0x0000681c       0x30 c:/program files (x86)/atmel/studio/7.0/toolchain/avr8/avr8-gnu-toolchain/bin/../lib/gcc/avr/5.4.0/../../../../avr/lib/avr6\libc.a(strncasecmp.o)
                0x0000681c                strncasecmp
 .text.avr-libc
                0x0000684c       0x26 c:/program files (x86)/atmel/studio/7.0/toolchain/avr8/avr8-gnu-toolchain/bin/../lib/gcc/avr/5.4.0/../../../../avr/lib/avr6\libc.a(printf.o)
                0x0000684c                printf
 .text.avr-libc
                0x00006872       0x60 c:/program files (x86)/atmel/studio/7.0/toolchain/avr8/avr8-gnu-toolchain/bin/../lib/gcc/avr/5.4.0/../../../../avr/lib/avr6\libc.a(puts.o)
                0x00006872                puts
 .text.avr-libc
                0x000068d2       0x5c c:/program files (x86)/atmel/studio/7.0/toolchain/avr8/avr8-gnu-toolchain/bin/../lib/gcc/avr/5.4.0/../../../../avr/lib/avr6\libc.a(sprintf.o)
                0x000068d2                sprintf
 .text.avr-libc
                0x0000692e      0x3fa c:/program files (x86)/atmel/studio/7.0/toolchain/avr8/avr8-gnu-toolchain/bin/../lib/gcc/avr/5.4.0/../../../../avr/lib/avr6\libc.a(vfprintf_std.o)
                0x0000692e                vfprintf
 .text.avr-libc
                0x00006d28       0x16 c:/program files (x86)/atmel/studio/7.0/toolchain/avr8/avr8-gnu-toolchain/bin/../lib/gcc/avr/5.4.0/../../../../avr/lib/avr6\libc.a(strnlen_P.o)
                0x00006d28                strnlen_P
 .text.avr-libc
                0x00006d3e       0x16 c:/program files (x86)/atmel/studio/7.0/toolchain/avr8/avr8-gnu-toolchain/bin/../lib/gcc/avr/5.4.0/../../../../avr/lib/avr6\libc.a(strnlen.o)
                0x00006d3e                strnlen
 .text.avr-libc
                0x00006d54       0x78 c:/program files (x86)/atmel/studio/7.0/toolchain/avr8/avr8-gnu-toolchain/bin/../lib/gcc/avr/5.4.0/../../../../avr/lib/avr6\libc.a(fputc.o)
                0x00006d54                fputc
 .text.avr-libc
                0x00006dcc       0xbc c:/program files (x86)/atmel/studio/7.0/toolchain/avr8/avr8-gnu-toolchain/bin/../lib/gcc/avr/5.4.0/../../../../avr/lib/avr6\libc.a(ultoa_invert.o)
                0x00006dcc                __ultoa_invert
                0x00006e88                . = ALIGN (0x2)
 *(.fini9)
 .fini9         0x00006e88        0x0 c:/program files (x86)/atmel/studio/7.0/toolchain/avr8/avr8-gnu-toolchain/bin/../lib/gcc/avr/5.4.0/avr6\libgcc.a(_exit.o)
                0x00006e88                _exit
                0x00006e88                exit
 *(.fini9)
 *(.fini8)
 *(.fini8)
 *(.fini7)
 *(.fini7)
 *(.fini6)
 *(.fini6)
 *(.fini5)
 *(.fini5)
 *(.fini4)
 *(.fini4)
 *(.fini3)
 *(.fini3)
 *(.fini2)
 *(.fini2)
 *(.fini1)
 *(.fini1)
 *(.fini0)
 .fini0         0x00006e88        0x4 c:/program files (x86)/atmel/studio/7.0/toolchain/avr8/avr8-gnu-toolchain/bin/../lib/gcc/avr/5.4.0/avr6\libgcc.a(_exit.o)
 *(.fini0)
                0x00006e8c                _etext = .

.data           0x00800200      0x560 load address 0x00006e8c
                0x00800200                PROVIDE (__data_start, .)
 *(.data)
 .data          0x00800200        0x6 c:/program files (x86)/atmel/studio/7.0/toolchain/avr8/avr8-gnu-toolchain/bin/../lib/gcc/avr/5.4.0/../../../../avr/lib/avr6\libc.a(malloc.o)
                0x00800200                __malloc_heap_end
                0x00800202                __malloc_heap_start
                0x00800204                __malloc_margin
 *(.data*)
 .data.uxTopUsedPriority
                0x00800206        0x1 FreeRTOS/src/tasks.o
                0x00800206                uxTopUsedPriority
 .data._temp    0x00800207        0x2 ../drivers\libIotLibrary.a(hih8120.o)
 .data._hum     0x00800209        0x2 ../drivers\libIotLibrary.a(hih8120.o)
 .data._com_port_2_udr
                0x0080020b        0x8 ../drivers\libIotLibrary.a(serial.o)
                0x0080020b                _com_port_2_udr
 .data.mystdout.1882
                0x00800213        0xe ../drivers\libIotLibrary.a(stdio_driver.o)
 .data._twiCurrentState
                0x00800221        0x1 ../drivers\libIotLibrary.a(twi.o)
 *(.gnu.linkonce.d*)
 *(.rodata)
 .rodata        0x00800222       0x20 ../drivers\libIotLibrary.a(lora_driver.o)
 .rodata        0x00800242       0x2d ../drivers\libIotLibrary.a(mh_z19.o)
 *(.rodata*)
 .rodata.str1.1
                0x0080026f        0xa co2Reader.o
 .rodata.str1.1
                0x00800279       0x3b device.o
 .rodata.str1.1
                0x008002b4       0x3a downLinkHandler.o
 .rodata.str1.1
                0x008002ee      0x142 upLinkHandler.o
                                0x14b (size before relaxing)
 .rodata.str1.1
                0x00800430        0x5 FreeRTOS/src/tasks.o
 .rodata.str1.1
                0x00800435        0x8 FreeRTOS/src/timers.o
 .rodata.str1.1
                0x0080043d       0x11 humidityTemperatureReader.o
 .rodata.str1.1
                0x0080044e        0x7 LoRaWANHandler.o
                                0x149 (size before relaxing)
 .rodata.str1.1
                0x00800455       0x37 main.o
 .rodata.str1.1
                0x0080048c      0x295 ../drivers\libIotLibrary.a(lora_driver.o)
                                0x2a5 (size before relaxing)
 .rodata._joinMode
                0x00800721        0x4 ../drivers\libIotLibrary.a(lora_driver.o)
 .rodata._returnCode
                0x00800725       0x33 ../drivers\libIotLibrary.a(lora_driver.o)
                0x00800725                _returnCode
 .rodata.str1.1
                0x00800758        0x8 ../drivers\libIotLibrary.a(status_leds.o)
 *(.gnu.linkonce.r*)
                0x00800760                . = ALIGN (0x2)
                0x00800760                _edata = .
                0x00800760                PROVIDE (__data_end, .)

.bss            0x00800760      0xc93
                0x00800760                PROVIDE (__bss_start, .)
 *(.bss)
 *(.bss*)
 .bss._bit_ready
                0x00800760        0x4 co2Reader.o
 .bss._event_group_ready
                0x00800764        0x2 co2Reader.o
 .bss._bit_start_measure
                0x00800766        0x4 co2Reader.o
 .bss._event_group_start_measure
                0x0080076a        0x2 co2Reader.o
 .bss._semaphore
                0x0080076c        0x2 controller.o
 .bss._ventilation
                0x0080076e        0x1 controller.o
 .bss._working  0x0080076f        0x1 controller.o
 .bss._uplink_payload
                0x00800770       0x16 device.o
 .bss._uplinkmessageBuffer
                0x00800786        0x2 device.o
 .bss._bit_ready
                0x00800788        0x4 device.o
 .bss._event_group_ready
                0x0080078c        0x2 device.o
 .bss._bit_start_measure
                0x0080078e        0x4 device.o
 .bss._event_group_start_measure
                0x00800792        0x2 device.o
 .bss._downlink_payload
                0x00800794       0x16 downLinkHandler.o
 .bss.isSetup   0x008007aa        0x1 upLinkHandler.o
 .bss._uplink_payload
                0x008007ab       0x16 upLinkHandler.o
 .bss.xBlockAllocatedBit
                0x008007c1        0x2 FreeRTOS/src/heap_4.o
 .bss.xNumberOfSuccessfulFrees
                0x008007c3        0x2 FreeRTOS/src/heap_4.o
 .bss.xNumberOfSuccessfulAllocations
                0x008007c5        0x2 FreeRTOS/src/heap_4.o
 .bss.xMinimumEverFreeBytesRemaining
                0x008007c7        0x2 FreeRTOS/src/heap_4.o
 .bss.xFreeBytesRemaining
                0x008007c9        0x2 FreeRTOS/src/heap_4.o
 .bss.pxEnd     0x008007cb        0x2 FreeRTOS/src/heap_4.o
 .bss.xStart    0x008007cd        0x4 FreeRTOS/src/heap_4.o
 .bss.ucHeap    0x008007d1      0x9c4 FreeRTOS/src/heap_4.o
 .bss.uxSchedulerSuspended
                0x00801195        0x1 FreeRTOS/src/tasks.o
 .bss.xIdleTaskHandle
                0x00801196        0x2 FreeRTOS/src/tasks.o
 .bss.xNextTaskUnblockTime
                0x00801198        0x4 FreeRTOS/src/tasks.o
 .bss.uxTaskNumber
                0x0080119c        0x1 FreeRTOS/src/tasks.o
 .bss.xNumOfOverflows
                0x0080119d        0x1 FreeRTOS/src/tasks.o
 .bss.xYieldPending
                0x0080119e        0x1 FreeRTOS/src/tasks.o
 .bss.xPendedTicks
                0x0080119f        0x4 FreeRTOS/src/tasks.o
 .bss.xSchedulerRunning
                0x008011a3        0x1 FreeRTOS/src/tasks.o
 .bss.uxTopReadyPriority
                0x008011a4        0x1 FreeRTOS/src/tasks.o
 .bss.xTickCount
                0x008011a5        0x4 FreeRTOS/src/tasks.o
 .bss.uxCurrentNumberOfTasks
                0x008011a9        0x1 FreeRTOS/src/tasks.o
 .bss.xSuspendedTaskList
                0x008011aa        0xb FreeRTOS/src/tasks.o
 .bss.uxDeletedTasksWaitingCleanUp
                0x008011b5        0x1 FreeRTOS/src/tasks.o
 .bss.xTasksWaitingTermination
                0x008011b6        0xb FreeRTOS/src/tasks.o
 .bss.xPendingReadyList
                0x008011c1        0xb FreeRTOS/src/tasks.o
 .bss.pxOverflowDelayedTaskList
                0x008011cc        0x2 FreeRTOS/src/tasks.o
 .bss.pxDelayedTaskList
                0x008011ce        0x2 FreeRTOS/src/tasks.o
 .bss.xDelayedTaskList2
                0x008011d0        0xb FreeRTOS/src/tasks.o
 .bss.xDelayedTaskList1
                0x008011db        0xb FreeRTOS/src/tasks.o
 .bss.pxReadyTasksLists
                0x008011e6       0x6e FreeRTOS/src/tasks.o
 .bss.pxCurrentTCB
                0x00801254        0x2 FreeRTOS/src/tasks.o
                0x00801254                pxCurrentTCB
 .bss.xLastTime.2436
                0x00801256        0x4 FreeRTOS/src/timers.o
 .bss.xTimerTaskHandle
                0x0080125a        0x2 FreeRTOS/src/timers.o
 .bss.xTimerQueue
                0x0080125c        0x2 FreeRTOS/src/timers.o
 .bss.pxOverflowTimerList
                0x0080125e        0x2 FreeRTOS/src/timers.o
 .bss.pxCurrentTimerList
                0x00801260        0x2 FreeRTOS/src/timers.o
 .bss.xActiveTimerList2
                0x00801262        0xb FreeRTOS/src/timers.o
 .bss.xActiveTimerList1
                0x0080126d        0xb FreeRTOS/src/timers.o
 .bss._bit_ready
                0x00801278        0x4 humidityTemperatureReader.o
 .bss._event_group_ready_measurment
                0x0080127c        0x2 humidityTemperatureReader.o
 .bss._bit_start_measure
                0x0080127e        0x4 humidityTemperatureReader.o
 .bss._event_group_start_measure
                0x00801282        0x2 humidityTemperatureReader.o
 .bss._uplink_payload
                0x00801284       0x16 LoRaWANHandler.o
 .bss._measuringIsReady
                0x0080129a        0x1 ../drivers\libIotLibrary.a(hih8120.o)
 .bss._hih8120Handler
                0x0080129b        0x2 ../drivers\libIotLibrary.a(hih8120.o)
 .bss._tmp_buf.2871
                0x0080129d       0x37 ../drivers\libIotLibrary.a(lora_driver.o)
 .bss.rec_buf_inp.2878
                0x008012d4        0x1 ../drivers\libIotLibrary.a(lora_driver.o)
 .bss._downlinkMessageBuffer
                0x008012d5        0x2 ../drivers\libIotLibrary.a(lora_driver.o)
 .bss._serialReplyBufferHandle
                0x008012d7        0x2 ../drivers\libIotLibrary.a(lora_driver.o)
 .bss._rn2483_serial
                0x008012d9        0x2 ../drivers\libIotLibrary.a(lora_driver.o)
 .bss._downlinkPayload
                0x008012db       0x16 ../drivers\libIotLibrary.a(lora_driver.o)
 .bss._payLoadHexBytes
                0x008012f1       0x15 ../drivers\libIotLibrary.a(lora_driver.o)
 .bss._recMessageBuf
                0x00801306       0x2d ../drivers\libIotLibrary.a(lora_driver.o)
 .bss._sendMessage
                0x00801333       0x2d ../drivers\libIotLibrary.a(lora_driver.o)
 .bss._replyMess
                0x00801360       0x2d ../drivers\libIotLibrary.a(lora_driver.o)
 .bss.data.1944
                0x0080138d        0x2 ../drivers\libIotLibrary.a(mh_z19.o)
 .bss.inDex.1943
                0x0080138f        0x1 ../drivers\libIotLibrary.a(mh_z19.o)
 .bss.crc_sum.1945
                0x00801390        0x1 ../drivers\libIotLibrary.a(mh_z19.o)
 .bss._appCallBack
                0x00801391        0x2 ../drivers\libIotLibrary.a(mh_z19.o)
 .bss._mh_state
                0x00801393        0x1 ../drivers\libIotLibrary.a(mh_z19.o)
                0x00801393                _mh_state
 .bss._ppm      0x00801394        0x2 ../drivers\libIotLibrary.a(mh_z19.o)
 .bss._serial   0x00801396        0x2 ../drivers\libIotLibrary.a(mh_z19.o)
 .bss._ser_handle
                0x00801398        0x8 ../drivers\libIotLibrary.a(serial.o)
 .bss._com_serial_instance
                0x008013a0        0x2 ../drivers\libIotLibrary.a(stdio_driver.o)
 .bss._led_status
                0x008013a2       0x18 ../drivers\libIotLibrary.a(status_leds.o)
 .bss._index.1885
                0x008013ba        0x1 ../drivers\libIotLibrary.a(twi.o)
 .bss._twiCurrentHandler
                0x008013bb        0x2 ../drivers\libIotLibrary.a(twi.o)
 .bss._twiMessageLen
                0x008013bd        0x1 ../drivers\libIotLibrary.a(twi.o)
 .bss._twiMessageBuffer
                0x008013be        0xa ../drivers\libIotLibrary.a(twi.o)
 .bss._twiIsInitiated
                0x008013c8        0x1 ../drivers\libIotLibrary.a(twi.o)
 *(COMMON)
 COMMON         0x008013c9       0x20 main.o
                0x008013c9                message_buffer_uplink
                0x008013cb                loraPayload
                0x008013e1                _event_group_start_measure
                0x008013e3                xTestSemaphore
                0x008013e5                message_buffer_downlink
                0x008013e7                _event_group_ready
 COMMON         0x008013e9        0x4 c:/program files (x86)/atmel/studio/7.0/toolchain/avr8/avr8-gnu-toolchain/bin/../lib/gcc/avr/5.4.0/../../../../avr/lib/avr6\libc.a(malloc.o)
                0x008013e9                __brkval
                0x008013eb                __flp
 COMMON         0x008013ed        0x6 c:/program files (x86)/atmel/studio/7.0/toolchain/avr8/avr8-gnu-toolchain/bin/../lib/gcc/avr/5.4.0/../../../../avr/lib/avr6\libc.a(iob.o)
                0x008013ed                __iob
                0x008013f3                PROVIDE (__bss_end, .)
                0x00006e8c                __data_load_start = LOADADDR (.data)
                0x000073ec                __data_load_end = (__data_load_start + SIZEOF (.data))

.noinit         0x008013f3        0x0
                [!provide]                PROVIDE (__noinit_start, .)
 *(.noinit*)
                [!provide]                PROVIDE (__noinit_end, .)
                0x008013f3                _end = .
                0x008013f3                PROVIDE (__heap_start, .)

.eeprom         0x00810000        0x0
 *(.eeprom*)
                0x00810000                __eeprom_end = .

.fuse
 *(.fuse)
 *(.lfuse)
 *(.hfuse)
 *(.efuse)

.lock
 *(.lock*)

.signature
 *(.signature*)

.user_signatures
 *(.user_signatures*)

.stab
 *(.stab)

.stabstr
 *(.stabstr)

.stab.excl
 *(.stab.excl)

.stab.exclstr
 *(.stab.exclstr)

.stab.index
 *(.stab.index)

.stab.indexstr
 *(.stab.indexstr)

.comment        0x00000000       0x5c
 *(.comment)
 .comment       0x00000000       0x30 co2Reader.o
                                 0x31 (size before relaxing)
 .comment       0x00000030       0x31 conditions.o
 .comment       0x00000030       0x31 controller.o
 .comment       0x00000030       0x31 device.o
 .comment       0x00000030       0x31 downLinkHandler.o
 .comment       0x00000030       0x31 servo.o
 .comment       0x00000030       0x31 upLinkHandler.o
 .comment       0x00000030       0x31 FreeRTOS/src/event_groups.o
 .comment       0x00000030       0x31 FreeRTOS/src/heap_4.o
 .comment       0x00000030       0x31 FreeRTOS/src/list.o
 .comment       0x00000030       0x31 FreeRTOS/src/port.o
 .comment       0x00000030       0x31 FreeRTOS/src/queue.o
 .comment       0x00000030       0x31 FreeRTOS/src/stream_buffer.o
 .comment       0x00000030       0x31 FreeRTOS/src/tasks.o
 .comment       0x00000030       0x31 FreeRTOS/src/timers.o
 .comment       0x00000030       0x31 FreeRTOS/src/variantHooks.o
 .comment       0x00000030       0x31 humidityTemperatureReader.o
 .comment       0x00000030       0x31 LoRaWANHandler.o
 .comment       0x00000030       0x31 main.o
 .comment       0x00000030       0x31 ../drivers\libIotLibrary.a(hih8120.o)
 .comment       0x00000030       0x31 ../drivers\libIotLibrary.a(lora_driver.o)
 .comment       0x00000030       0x31 ../drivers\libIotLibrary.a(lora_driver_utils.o)
 .comment       0x00000030       0x31 ../drivers\libIotLibrary.a(mh_z19.o)
 .comment       0x00000030       0x31 ../drivers\libIotLibrary.a(rc_servo.o)
 .comment       0x00000030       0x31 ../drivers\libIotLibrary.a(serial.o)
 .comment       0x00000030       0x31 ../drivers\libIotLibrary.a(stdio_driver.o)
 .comment       0x00000030       0x31 ../drivers\libIotLibrary.a(status_leds.o)
 .comment       0x00000030       0x31 ../drivers\libIotLibrary.a(twi.o)
 .comment       0x00000030       0x31 ../drivers\libIotLibrary.a(fifo.o)
 .comment       0x00000030       0x31 c:/program files (x86)/atmel/studio/7.0/toolchain/avr8/avr8-gnu-toolchain/bin/../lib/gcc/avr/5.4.0/../../../../avr/lib/avr6\libc.a(malloc.o)
 .comment       0x00000030       0x31 c:/program files (x86)/atmel/studio/7.0/toolchain/avr8/avr8-gnu-toolchain/bin/../lib/gcc/avr/5.4.0/../../../../avr/lib/avr6\libc.a(iob.o)
 .comment       0x00000030       0x31 c:/program files (x86)/atmel/studio/7.0/toolchain/avr8/avr8-gnu-toolchain/bin/../lib/gcc/avr/5.4.0/../../../../avr/lib/avr6\libc.a(printf.o)
 .comment       0x00000030       0x31 c:/program files (x86)/atmel/studio/7.0/toolchain/avr8/avr8-gnu-toolchain/bin/../lib/gcc/avr/5.4.0/../../../../avr/lib/avr6\libc.a(puts.o)
 .comment       0x00000030       0x31 c:/program files (x86)/atmel/studio/7.0/toolchain/avr8/avr8-gnu-toolchain/bin/../lib/gcc/avr/5.4.0/../../../../avr/lib/avr6\libc.a(sprintf.o)
 .comment       0x00000030       0x2c c:/program files (x86)/atmel/studio/7.0/toolchain/avr8/avr8-gnu-toolchain/bin/../lib/gcc/avr/5.4.0/../../../../avr/lib/avr6\libc.a(vfprintf_std.o)
                                 0x2d (size before relaxing)
 .comment       0x0000005c       0x31 c:/program files (x86)/atmel/studio/7.0/toolchain/avr8/avr8-gnu-toolchain/bin/../lib/gcc/avr/5.4.0/../../../../avr/lib/avr6\libc.a(fputc.o)

.note.gnu.avr.deviceinfo
                0x00000000       0x40
 .note.gnu.avr.deviceinfo
                0x00000000       0x40 C:/Program Files (x86)/Atmel/Studio/7.0/Packs/atmel/ATmega_DFP/1.6.364/gcc/dev/atmega2560/avr6/crtatmega2560.o

.note.gnu.build-id
 *(.note.gnu.build-id)

.debug
 *(.debug)

.line
 *(.line)

.debug_srcinfo
 *(.debug_srcinfo)

.debug_sfnames
 *(.debug_sfnames)

.debug_aranges  0x00000000      0xc38
 *(.debug_aranges)
 .debug_aranges
                0x00000000       0x40 co2Reader.o
 .debug_aranges
                0x00000040       0x68 conditions.o
 .debug_aranges
                0x000000a8       0x40 controller.o
 .debug_aranges
                0x000000e8       0x30 device.o
 .debug_aranges
                0x00000118       0x30 downLinkHandler.o
 .debug_aranges
                0x00000148       0x38 servo.o
 .debug_aranges
                0x00000180       0x30 upLinkHandler.o
 .debug_aranges
                0x000001b0       0x68 FreeRTOS/src/event_groups.o
 .debug_aranges
                0x00000218       0x58 FreeRTOS/src/heap_4.o
 .debug_aranges
                0x00000270       0x40 FreeRTOS/src/list.o
 .debug_aranges
                0x000002b0       0x58 FreeRTOS/src/port.o
 .debug_aranges
                0x00000308       0xf8 FreeRTOS/src/queue.o
 .debug_aranges
                0x00000400       0xc0 FreeRTOS/src/stream_buffer.o
 .debug_aranges
                0x000004c0      0x1d0 FreeRTOS/src/tasks.o
 .debug_aranges
                0x00000690       0xc8 FreeRTOS/src/timers.o
 .debug_aranges
                0x00000758       0x40 FreeRTOS/src/variantHooks.o
 .debug_aranges
                0x00000798       0x48 humidityTemperatureReader.o
 .debug_aranges
                0x000007e0       0x30 LoRaWANHandler.o
 .debug_aranges
                0x00000810       0x40 main.o
 .debug_aranges
                0x00000850       0x68 ../drivers\libIotLibrary.a(hih8120.o)
 .debug_aranges
                0x000008b8      0x138 ../drivers\libIotLibrary.a(lora_driver.o)
 .debug_aranges
                0x000009f0       0x28 ../drivers\libIotLibrary.a(lora_driver_utils.o)
 .debug_aranges
                0x00000a18       0x58 ../drivers\libIotLibrary.a(mh_z19.o)
 .debug_aranges
                0x00000a70       0x28 ../drivers\libIotLibrary.a(rc_servo.o)
 .debug_aranges
                0x00000a98       0x90 ../drivers\libIotLibrary.a(serial.o)
 .debug_aranges
                0x00000b28       0x38 ../drivers\libIotLibrary.a(stdio_driver.o)
 .debug_aranges
                0x00000b60       0x68 ../drivers\libIotLibrary.a(status_leds.o)
 .debug_aranges
                0x00000bc8       0x50 ../drivers\libIotLibrary.a(twi.o)
 .debug_aranges
                0x00000c18       0x20 ../drivers\libIotLibrary.a(fifo.o)

.debug_pubnames
 *(.debug_pubnames)

.debug_info     0x00000000     0xf3c5
 *(.debug_info .gnu.linkonce.wi.*)
 .debug_info    0x00000000      0xbbc C:/Program Files (x86)/Atmel/Studio/7.0/Packs/atmel/ATmega_DFP/1.6.364/gcc/dev/atmega2560/avr6/crtatmega2560.o
 .debug_info    0x00000bbc      0x4c6 co2Reader.o
 .debug_info    0x00001082      0x3a8 conditions.o
 .debug_info    0x0000142a      0x366 controller.o
 .debug_info    0x00001790      0x782 device.o
 .debug_info    0x00001f12      0x2bd downLinkHandler.o
 .debug_info    0x000021cf      0x139 servo.o
 .debug_info    0x00002308      0x7c3 upLinkHandler.o
 .debug_info    0x00002acb      0x971 FreeRTOS/src/event_groups.o
 .debug_info    0x0000343c      0x4e6 FreeRTOS/src/heap_4.o
 .debug_info    0x00003922      0x2e7 FreeRTOS/src/list.o
 .debug_info    0x00003c09      0x2ff FreeRTOS/src/port.o
 .debug_info    0x00003f08     0x17e6 FreeRTOS/src/queue.o
 .debug_info    0x000056ee     0x13df FreeRTOS/src/stream_buffer.o
 .debug_info    0x00006acd     0x2239 FreeRTOS/src/tasks.o
 .debug_info    0x00008d06     0x10dd FreeRTOS/src/timers.o
 .debug_info    0x00009de3      0x20f FreeRTOS/src/variantHooks.o
 .debug_info    0x00009ff2      0x567 humidityTemperatureReader.o
 .debug_info    0x0000a559      0x77d LoRaWANHandler.o
 .debug_info    0x0000acd6      0x6da main.o
 .debug_info    0x0000b3b0      0x3a9 ../drivers\libIotLibrary.a(hih8120.o)
 .debug_info    0x0000b759     0x1747 ../drivers\libIotLibrary.a(lora_driver.o)
 .debug_info    0x0000cea0      0x143 ../drivers\libIotLibrary.a(lora_driver_utils.o)
 .debug_info    0x0000cfe3      0x556 ../drivers\libIotLibrary.a(mh_z19.o)
 .debug_info    0x0000d539      0x10f ../drivers\libIotLibrary.a(rc_servo.o)
 .debug_info    0x0000d648      0xd9b ../drivers\libIotLibrary.a(serial.o)
 .debug_info    0x0000e3e3      0x3b6 ../drivers\libIotLibrary.a(stdio_driver.o)
 .debug_info    0x0000e799      0x50c ../drivers\libIotLibrary.a(status_leds.o)
 .debug_info    0x0000eca5      0x55d ../drivers\libIotLibrary.a(twi.o)
 .debug_info    0x0000f202      0x1c3 ../drivers\libIotLibrary.a(fifo.o)

.debug_abbrev   0x00000000     0x3c52
 *(.debug_abbrev)
 .debug_abbrev  0x00000000      0xb1a C:/Program Files (x86)/Atmel/Studio/7.0/Packs/atmel/ATmega_DFP/1.6.364/gcc/dev/atmega2560/avr6/crtatmega2560.o
 .debug_abbrev  0x00000b1a      0x182 co2Reader.o
 .debug_abbrev  0x00000c9c      0x157 conditions.o
 .debug_abbrev  0x00000df3       0xd1 controller.o
 .debug_abbrev  0x00000ec4      0x17e device.o
 .debug_abbrev  0x00001042      0x161 downLinkHandler.o
 .debug_abbrev  0x000011a3       0x78 servo.o
 .debug_abbrev  0x0000121b      0x19e upLinkHandler.o
 .debug_abbrev  0x000013b9      0x1dc FreeRTOS/src/event_groups.o
 .debug_abbrev  0x00001595      0x200 FreeRTOS/src/heap_4.o
 .debug_abbrev  0x00001795       0xff FreeRTOS/src/list.o
 .debug_abbrev  0x00001894      0x179 FreeRTOS/src/port.o
 .debug_abbrev  0x00001a0d      0x241 FreeRTOS/src/queue.o
 .debug_abbrev  0x00001c4e      0x246 FreeRTOS/src/stream_buffer.o
 .debug_abbrev  0x00001e94      0x2c8 FreeRTOS/src/tasks.o
 .debug_abbrev  0x0000215c      0x28c FreeRTOS/src/timers.o
 .debug_abbrev  0x000023e8       0xff FreeRTOS/src/variantHooks.o
 .debug_abbrev  0x000024e7      0x179 humidityTemperatureReader.o
 .debug_abbrev  0x00002660      0x1b6 LoRaWANHandler.o
 .debug_abbrev  0x00002816      0x1eb main.o
 .debug_abbrev  0x00002a01      0x184 ../drivers\libIotLibrary.a(hih8120.o)
 .debug_abbrev  0x00002b85      0x33b ../drivers\libIotLibrary.a(lora_driver.o)
 .debug_abbrev  0x00002ec0       0xc0 ../drivers\libIotLibrary.a(lora_driver_utils.o)
 .debug_abbrev  0x00002f80      0x238 ../drivers\libIotLibrary.a(mh_z19.o)
 .debug_abbrev  0x000031b8       0xbc ../drivers\libIotLibrary.a(rc_servo.o)
 .debug_abbrev  0x00003274      0x355 ../drivers\libIotLibrary.a(serial.o)
 .debug_abbrev  0x000035c9      0x1b3 ../drivers\libIotLibrary.a(stdio_driver.o)
 .debug_abbrev  0x0000377c      0x1d7 ../drivers\libIotLibrary.a(status_leds.o)
 .debug_abbrev  0x00003953      0x217 ../drivers\libIotLibrary.a(twi.o)
 .debug_abbrev  0x00003b6a       0xe8 ../drivers\libIotLibrary.a(fifo.o)

.debug_line     0x00000000     0x7689
 *(.debug_line .debug_line.* .debug_line_end)
 .debug_line    0x00000000      0x1fa C:/Program Files (x86)/Atmel/Studio/7.0/Packs/atmel/ATmega_DFP/1.6.364/gcc/dev/atmega2560/avr6/crtatmega2560.o
 .debug_line    0x000001fa      0x20f co2Reader.o
 .debug_line    0x00000409      0x26a conditions.o
 .debug_line    0x00000673      0x1d1 controller.o
 .debug_line    0x00000844      0x2cc device.o
 .debug_line    0x00000b10      0x168 downLinkHandler.o
 .debug_line    0x00000c78       0x9b servo.o
 .debug_line    0x00000d13      0x2bd upLinkHandler.o
 .debug_line    0x00000fd0      0x413 FreeRTOS/src/event_groups.o
 .debug_line    0x000013e3      0x41f FreeRTOS/src/heap_4.o
 .debug_line    0x00001802      0x1db FreeRTOS/src/list.o
 .debug_line    0x000019dd      0x28a FreeRTOS/src/port.o
 .debug_line    0x00001c67      0xbe3 FreeRTOS/src/queue.o
 .debug_line    0x0000284a      0x79a FreeRTOS/src/stream_buffer.o
 .debug_line    0x00002fe4     0x15ba FreeRTOS/src/tasks.o
 .debug_line    0x0000459e      0x624 FreeRTOS/src/timers.o
 .debug_line    0x00004bc2      0x1af FreeRTOS/src/variantHooks.o
 .debug_line    0x00004d71      0x281 humidityTemperatureReader.o
 .debug_line    0x00004ff2      0x257 LoRaWANHandler.o
 .debug_line    0x00005249      0x375 main.o
 .debug_line    0x000055be      0x24a ../drivers\libIotLibrary.a(hih8120.o)
 .debug_line    0x00005808      0x9aa ../drivers\libIotLibrary.a(lora_driver.o)
 .debug_line    0x000061b2      0x195 ../drivers\libIotLibrary.a(lora_driver_utils.o)
 .debug_line    0x00006347      0x2fc ../drivers\libIotLibrary.a(mh_z19.o)
 .debug_line    0x00006643       0xfd ../drivers\libIotLibrary.a(rc_servo.o)
 .debug_line    0x00006740      0x6a0 ../drivers\libIotLibrary.a(serial.o)
 .debug_line    0x00006de0      0x146 ../drivers\libIotLibrary.a(stdio_driver.o)
 .debug_line    0x00006f26      0x32c ../drivers\libIotLibrary.a(status_leds.o)
 .debug_line    0x00007252      0x31c ../drivers\libIotLibrary.a(twi.o)
 .debug_line    0x0000756e      0x11b ../drivers\libIotLibrary.a(fifo.o)

.debug_frame    0x00000000     0x2b24
 *(.debug_frame)
 .debug_frame   0x00000000       0xf4 co2Reader.o
 .debug_frame   0x000000f4       0xb4 conditions.o
 .debug_frame   0x000001a8       0x9c controller.o
 .debug_frame   0x00000244       0xdc device.o
 .debug_frame   0x00000320       0x7c downLinkHandler.o
 .debug_frame   0x0000039c       0x54 servo.o
 .debug_frame   0x000003f0       0x94 upLinkHandler.o
 .debug_frame   0x00000484      0x1dc FreeRTOS/src/event_groups.o
 .debug_frame   0x00000660       0xfc FreeRTOS/src/heap_4.o
 .debug_frame   0x0000075c       0x90 FreeRTOS/src/list.o
 .debug_frame   0x000007ec       0x94 FreeRTOS/src/port.o
 .debug_frame   0x00000880      0x3a4 FreeRTOS/src/queue.o
 .debug_frame   0x00000c24      0x40c FreeRTOS/src/stream_buffer.o
 .debug_frame   0x00001030      0x7a0 FreeRTOS/src/tasks.o
 .debug_frame   0x000017d0      0x3ac FreeRTOS/src/timers.o
 .debug_frame   0x00001b7c       0x64 FreeRTOS/src/variantHooks.o
 .debug_frame   0x00001be0      0x104 humidityTemperatureReader.o
 .debug_frame   0x00001ce4       0x80 LoRaWANHandler.o
 .debug_frame   0x00001d64       0xd0 main.o
 .debug_frame   0x00001e34       0xc0 ../drivers\libIotLibrary.a(hih8120.o)
 .debug_frame   0x00001ef4      0x460 ../drivers\libIotLibrary.a(lora_driver.o)
 .debug_frame   0x00002354       0x48 ../drivers\libIotLibrary.a(lora_driver_utils.o)
 .debug_frame   0x0000239c      0x100 ../drivers\libIotLibrary.a(mh_z19.o)
 .debug_frame   0x0000249c       0x34 ../drivers\libIotLibrary.a(rc_servo.o)
 .debug_frame   0x000024d0      0x384 ../drivers\libIotLibrary.a(serial.o)
 .debug_frame   0x00002854       0x94 ../drivers\libIotLibrary.a(stdio_driver.o)
 .debug_frame   0x000028e8       0xec ../drivers\libIotLibrary.a(status_leds.o)
 .debug_frame   0x000029d4      0x12c ../drivers\libIotLibrary.a(twi.o)
 .debug_frame   0x00002b00       0x24 ../drivers\libIotLibrary.a(fifo.o)

.debug_str      0x00000000     0x46de
 *(.debug_str)
 .debug_str     0x00000000      0x3e6 C:/Program Files (x86)/Atmel/Studio/7.0/Packs/atmel/ATmega_DFP/1.6.364/gcc/dev/atmega2560/avr6/crtatmega2560.o
 .debug_str     0x000003e6      0x3e2 co2Reader.o
                                0x47e (size before relaxing)
 .debug_str     0x000007c8      0x157 conditions.o
                                0x30d (size before relaxing)
 .debug_str     0x0000091f      0x112 controller.o
                                0x2b4 (size before relaxing)
 .debug_str     0x00000a31      0x1d4 device.o
                                0x617 (size before relaxing)
 .debug_str     0x00000c05       0xbd downLinkHandler.o
                                0x2d3 (size before relaxing)
 .debug_str     0x00000cc2       0x4f servo.o
                                0x1d8 (size before relaxing)
 .debug_str     0x00000d11      0x489 upLinkHandler.o
                                0x6d5 (size before relaxing)
 .debug_str     0x0000119a      0x38e FreeRTOS/src/event_groups.o
                                0x59e (size before relaxing)
 .debug_str     0x00001528      0x2c7 FreeRTOS/src/heap_4.o
                                0x494 (size before relaxing)
 .debug_str     0x000017ef       0x89 FreeRTOS/src/list.o
                                0x2d0 (size before relaxing)
 .debug_str     0x00001878      0x154 FreeRTOS/src/port.o
                                0x305 (size before relaxing)
 .debug_str     0x000019cc      0x5e1 FreeRTOS/src/queue.o
                                0x944 (size before relaxing)
 .debug_str     0x00001fad      0x49f FreeRTOS/src/stream_buffer.o
                                0x7cd (size before relaxing)
 .debug_str     0x0000244c      0x893 FreeRTOS/src/tasks.o
                                0xf65 (size before relaxing)
 .debug_str     0x00002cdf      0x414 FreeRTOS/src/timers.o
                                0x83b (size before relaxing)
 .debug_str     0x000030f3       0x81 FreeRTOS/src/variantHooks.o
                                0x27c (size before relaxing)
 .debug_str     0x00003174      0x17f humidityTemperatureReader.o
                                0x4fb (size before relaxing)
 .debug_str     0x000032f3       0x63 LoRaWANHandler.o
                                0x67f (size before relaxing)
 .debug_str     0x00003356       0xef main.o
                                0x501 (size before relaxing)
 .debug_str     0x00003445      0x2de ../drivers\libIotLibrary.a(hih8120.o)
                                0x45c (size before relaxing)
 .debug_str     0x00003723      0x683 ../drivers\libIotLibrary.a(lora_driver.o)
                                0xcdb (size before relaxing)
 .debug_str     0x00003da6       0x4f ../drivers\libIotLibrary.a(lora_driver_utils.o)
                                0x206 (size before relaxing)
 .debug_str     0x00003df5      0x117 ../drivers\libIotLibrary.a(mh_z19.o)
                                0x489 (size before relaxing)
 .debug_str     0x00003f0c       0x3c ../drivers\libIotLibrary.a(rc_servo.o)
                                0x1e2 (size before relaxing)
 .debug_str     0x00003f48      0x2e0 ../drivers\libIotLibrary.a(serial.o)
                                0x628 (size before relaxing)
 .debug_str     0x00004228       0xa6 ../drivers\libIotLibrary.a(stdio_driver.o)
                                0x37d (size before relaxing)
 .debug_str     0x000042ce      0x104 ../drivers\libIotLibrary.a(status_leds.o)
                                0x36d (size before relaxing)
 .debug_str     0x000043d2      0x2ea ../drivers\libIotLibrary.a(twi.o)
                                0x5b4 (size before relaxing)
 .debug_str     0x000046bc       0x22 ../drivers\libIotLibrary.a(fifo.o)
                                0x239 (size before relaxing)

.debug_loc      0x00000000     0xd3fb
 *(.debug_loc)
 .debug_loc     0x00000000      0x430 co2Reader.o
 .debug_loc     0x00000430      0x121 conditions.o
 .debug_loc     0x00000551      0x1d0 controller.o
 .debug_loc     0x00000721      0x482 device.o
 .debug_loc     0x00000ba3      0x1b1 downLinkHandler.o
 .debug_loc     0x00000d54      0x245 upLinkHandler.o
 .debug_loc     0x00000f99      0xcc9 FreeRTOS/src/event_groups.o
 .debug_loc     0x00001c62      0x4be FreeRTOS/src/heap_4.o
 .debug_loc     0x00002120      0x17d FreeRTOS/src/list.o
 .debug_loc     0x0000229d       0xf6 FreeRTOS/src/port.o
 .debug_loc     0x00002393     0x1abd FreeRTOS/src/queue.o
 .debug_loc     0x00003e50     0x1daf FreeRTOS/src/stream_buffer.o
 .debug_loc     0x00005bff     0x2a07 FreeRTOS/src/tasks.o
 .debug_loc     0x00008606     0x10f3 FreeRTOS/src/timers.o
 .debug_loc     0x000096f9       0xdc FreeRTOS/src/variantHooks.o
 .debug_loc     0x000097d5      0x435 humidityTemperatureReader.o
 .debug_loc     0x00009c0a      0x174 LoRaWANHandler.o
 .debug_loc     0x00009d7e      0x20e main.o
 .debug_loc     0x00009f8c       0x9f ../drivers\libIotLibrary.a(hih8120.o)
 .debug_loc     0x0000a02b     0x1216 ../drivers\libIotLibrary.a(lora_driver.o)
 .debug_loc     0x0000b241      0x1d2 ../drivers\libIotLibrary.a(lora_driver_utils.o)
 .debug_loc     0x0000b413      0x37c ../drivers\libIotLibrary.a(mh_z19.o)
 .debug_loc     0x0000b78f       0x2f ../drivers\libIotLibrary.a(rc_servo.o)
 .debug_loc     0x0000b7be     0x114c ../drivers\libIotLibrary.a(serial.o)
 .debug_loc     0x0000c90a      0x18c ../drivers\libIotLibrary.a(stdio_driver.o)
 .debug_loc     0x0000ca96      0x292 ../drivers\libIotLibrary.a(status_leds.o)
 .debug_loc     0x0000cd28      0x575 ../drivers\libIotLibrary.a(twi.o)
 .debug_loc     0x0000d29d      0x15e ../drivers\libIotLibrary.a(fifo.o)

.debug_macinfo
 *(.debug_macinfo)

.debug_weaknames
 *(.debug_weaknames)

.debug_funcnames
 *(.debug_funcnames)

.debug_typenames
 *(.debug_typenames)

.debug_varnames
 *(.debug_varnames)

.debug_pubtypes
 *(.debug_pubtypes)

.debug_ranges   0x00000000      0xb38
 *(.debug_ranges)
 .debug_ranges  0x00000000       0x30 co2Reader.o
 .debug_ranges  0x00000030       0x58 conditions.o
 .debug_ranges  0x00000088       0x30 controller.o
 .debug_ranges  0x000000b8       0x20 device.o
 .debug_ranges  0x000000d8       0x20 downLinkHandler.o
 .debug_ranges  0x000000f8       0x28 servo.o
 .debug_ranges  0x00000120       0x20 upLinkHandler.o
 .debug_ranges  0x00000140       0x70 FreeRTOS/src/event_groups.o
 .debug_ranges  0x000001b0       0x48 FreeRTOS/src/heap_4.o
 .debug_ranges  0x000001f8       0x30 FreeRTOS/src/list.o
 .debug_ranges  0x00000228       0x48 FreeRTOS/src/port.o
 .debug_ranges  0x00000270      0x130 FreeRTOS/src/queue.o
 .debug_ranges  0x000003a0       0xb0 FreeRTOS/src/stream_buffer.o
 .debug_ranges  0x00000450      0x200 FreeRTOS/src/tasks.o
 .debug_ranges  0x00000650       0xb8 FreeRTOS/src/timers.o
 .debug_ranges  0x00000708       0x30 FreeRTOS/src/variantHooks.o
 .debug_ranges  0x00000738       0x38 humidityTemperatureReader.o
 .debug_ranges  0x00000770       0x20 LoRaWANHandler.o
 .debug_ranges  0x00000790       0x30 main.o
 .debug_ranges  0x000007c0       0x58 ../drivers\libIotLibrary.a(hih8120.o)
 .debug_ranges  0x00000818      0x128 ../drivers\libIotLibrary.a(lora_driver.o)
 .debug_ranges  0x00000940       0x30 ../drivers\libIotLibrary.a(lora_driver_utils.o)
 .debug_ranges  0x00000970       0x48 ../drivers\libIotLibrary.a(mh_z19.o)
 .debug_ranges  0x000009b8       0x18 ../drivers\libIotLibrary.a(rc_servo.o)
 .debug_ranges  0x000009d0       0x98 ../drivers\libIotLibrary.a(serial.o)
 .debug_ranges  0x00000a68       0x28 ../drivers\libIotLibrary.a(stdio_driver.o)
 .debug_ranges  0x00000a90       0x58 ../drivers\libIotLibrary.a(status_leds.o)
 .debug_ranges  0x00000ae8       0x40 ../drivers\libIotLibrary.a(twi.o)
 .debug_ranges  0x00000b28       0x10 ../drivers\libIotLibrary.a(fifo.o)

.debug_macro
 *(.debug_macro)
OUTPUT(SEP4_IOT.elf elf32-avr)
LOAD linker stubs
